"Acme"
1
"Acme"
1
"Acme"
1
"Acme"
1
"Acme"
1
"Acme"
1
"Acme"
1
"Acme"
1
"Acme"
1
"Acme"
1
"Acme"
1
"Acme"
1
"Acme"
1
"Acme"
1
"Acme"
1
"Acme"
1
"Acme"
1
"Acme"
1
"Acme"
1
"Microsoft"
3
"Microsoft"
3
"Microsoft"
3
"Microsoft"
3
"Microsoft"
3
"Microsoft"
3
"Microsoft"
3
"Microsoft"
3
"Microsoft"
3
"Microsoft"
3
"Microsoft"
3
"Microsoft"
3
"Microsoft"
3
"Microsoft"
3
"Microsoft"
3
"Microsoft"
3
"Microsoft"
3
"Microsoft"
3
"Microsoft"
3
"Apple"
2
"Apple"
2
"Apple"
2
Database seeding completed successfully.
